// Jest Snapshot v1, https://goo.gl/fbAQLP

exports[`App component matches the snapshot 1`] = `
<div
  className="App"
>
  <div
    className="d-flex w-100"
  >
    <div
      className="align-self-center"
    >
      <img
        alt="user profile"
        src="/favicons/favicon-96x96.png"
      />
    </div>
    <div
      className="align-self-center flex-grow-1"
    >
      <h1
        className="text-left"
      >
        RadioRoom
      </h1>
    </div>
    
    <div>
      <img
        alt="user profile"
        className="align-self-center rounded-circle"
        src="/img/user.png"
        style={
          Object {
            "height": 96,
          }
        }
      />
    </div>
  </div>
  <div>
    <h2>
      To get started, please login via Spotify
    </h2>
    <p>
      <strong>
        Note:
      </strong>
       To enjoy the full experience of RadioRoom you need to have a Spotify Premium subscription
    </p>
    <a
      className="spotify-login-btn"
      href="http://localhost:8888"
    >
      Login to Spotify
    </a>
  </div>
  <div
    className="fixed-bottom px-auto w-100"
  >
    <div
      aria-label="Navigation Chat, Home and Search"
      className="btn-group btn-group-lg"
      role="group"
    >
      <button
        className="btn btn-secondary m-0"
        data-toggle="button"
        onClick={[Function]}
        type="button"
      >
        Chat
      </button>
      <button
        className="btn btn-secondary active m-0"
        data-toggle="button"
        onClick={[Function]}
        type="button"
      >
        Now Playing
      </button>
      <button
        className="btn btn-secondary m-0"
        data-toggle="button"
        onClick={[Function]}
        type="button"
      >
        Search
      </button>
    </div>
  </div>
</div>
`;
