// Jest Snapshot v1, https://goo.gl/fbAQLP

exports[`Chat component matches the snapshot 1`] = `
<div
  className="messages"
>
  <h2>
    Chat
  </h2>
  <div
    className="mx-auto"
    style={
      Object {
        "maxWidth": 800,
      }
    }
  >
    <form
      onSubmit={[Function]}
    >
      <div
        className="input-group"
      >
        <textarea
          className="form-control"
          cols="25"
          onChange={[Function]}
          rows="3"
          value=""
        />
        <div
          className="input-group-append"
        >
          <input
            type="submit"
            value="Submit"
          />
        </div>
      </div>
    </form>
  </div>
  <div
    className="messagelist list-group mx-auto"
    style={
      Object {
        "maxWidth": 800,
      }
    }
  >
    
  </div>
</div>
`;
