// Jest Snapshot v1, https://goo.gl/fbAQLP

exports[`search component matches the snapshot 1`] = `
<div
  className="search"
>
  <form
    onSubmit={[Function]}
  >
    <label>
      Search Track:
      <input
        onChange={[Function]}
        type="text"
        value=""
      />
    </label>
    <input
      type="submit"
      value="Submit"
    />
  </form>
  <div
    className="tracks"
  >
    <div
      className="track"
    >
      
      
      
      
    </div>
  </div>
</div>
`;
